<html>
<body>
<pre>
<h1>�Vision Build Log</h1>
<h2>Tool Versions:</h2>
IDE-Version: ��Vision V5.43.1.0
Copyright (C) 2025 ARM Ltd and ARM Germany GmbH. All rights reserved.
License Information: 123 123@123, 123, LIC=ZB4EI-TCYMN-74IS0-BADJE-QG69Q-QQ70N
 
Tool Versions:
Toolchain:       MDK-ARM Plus  Version: 5.43.0.0
Toolchain Path:  C:\Users\30581\AppData\Local\Keil_v5\ARM\ARMCLANG\Bin
C Compiler:      ArmClang.exe V6.24
Assembler:       Armasm.exe V6.24
Linker/Locator:  ArmLink.exe V6.24
Library Manager: ArmAr.exe V6.24
Hex Converter:   FromElf.exe V6.24
CPU DLL:         SARMCM3.DLL V5.43.0.0
Dialog DLL:      DCM.DLL V1.17.5.0
Target DLL:      CMSIS_AGDI.dll V1.33.24.0
Dialog DLL:      TCM.DLL V1.56.6.0
 
<h2>Project:</h2>
D:\Keil_Workspace\OLED_SSD1315\MDK-ARM\OLED_SSD1315.uvprojx
Project File Date:  10/29/2025

<h2>Output:</h2>
*** Using Compiler 'V6.24', folder: 'C:\Users\30581\AppData\Local\Keil_v5\ARM\ARMCLANG\Bin'
Rebuild target 'OLED_SSD1315'
assembling startup_stm32f401xc.s...
compiling stm32f4xx_hal_rcc_ex.c...
compiling stm32f4xx_hal_msp.c...
compiling stm32f4xx_hal_i2c_ex.c...
compiling i2c.c...
compiling stm32f4xx_hal_dma.c...
compiling stm32f4xx_hal_flash_ramfunc.c...
compiling gpio.c...
compiling stm32f4xx_it.c...
compiling stm32f4xx_hal_gpio.c...
compiling stm32f4xx_hal_pwr.c...
compiling main.c...
compiling stm32f4xx_hal_flash.c...
compiling stm32f4xx_hal_pwr_ex.c...
compiling stm32f4xx_hal_flash_ex.c...
compiling stm32f4xx_hal_cortex.c...
compiling stm32f4xx_hal.c...
compiling stm32f4xx_hal_dma_ex.c...
compiling stm32f4xx_hal_rcc.c...
compiling stm32f4xx_hal_exti.c...
compiling system_stm32f4xx.c...
../Module/oled.c(3): warning: In file included from...
../Module\oledfont.h(192): warning: initializer-string for char array is too long [-Wexcess-initializers]
  192 | {"测",
      |  ^~~~
../Module\oledfont.h(198): warning: initializer-string for char array is too long [-Wexcess-initializers]
  198 | {"量",
      |  ^~~~
../Module\oledfont.h(204): warning: initializer-string for char array is too long [-Wexcess-initializers]
  204 | {"启",
      |  ^~~~
../Module\oledfont.h(210): warning: initializer-string for char array is too long [-Wexcess-initializers]
  210 | {"动",
      |  ^~~~
../Module\oledfont.h(216): warning: initializer-string for char array is too long [-Wexcess-initializers]
  216 | {"关",
      |  ^~~~
../Module\oledfont.h(222): warning: initializer-string for char array is too long [-Wexcess-initializers]
  222 | {"闭",
      |  ^~~~
../Module\oledfont.h(228): warning: initializer-string for char array is too long [-Wexcess-initializers]
  228 | {"蓝",
      |  ^~~~
../Module\oledfont.h(234): warning: initializer-string for char array is too long [-Wexcess-initializers]
  234 | {"牙",
      |  ^~~~
../Module\oledfont.h(240): warning: initializer-string for char array is too long [-Wexcess-initializers]
  240 | {"连",
      |  ^~~~
../Module\oledfont.h(246): warning: initializer-string for char array is too long [-Wexcess-initializers]
  246 | {"接",
      |  ^~~~
../Module\oledfont.h(252): warning: initializer-string for char array is too long [-Wexcess-initializers]
  252 | {"断",
      |  ^~~~
../Module\oledfont.h(258): warning: initializer-string for char array is too long [-Wexcess-initializers]
  258 | {"开",
      |  ^~~~
../Module\oledfont.h(264): warning: initializer-string for char array is too long [-Wexcess-initializers]
  264 | {"关",
      |  ^~~~
../Module\oledfont.h(270): warning: initializer-string for char array is too long [-Wexcess-initializers]
  270 | {"机",
      |  ^~~~
14 warnings generated.
compiling oled.c...
compiling stm32f4xx_hal_i2c.c...
linking...
Program Size: Code=8166 RO-data=1982 RW-data=12 ZI-data=2756  
FromELF: creating hex file...
"OLED_SSD1315\OLED_SSD1315.axf" - 0 Error(s), 14 Warning(s).

<h2>Software Packages used:</h2>

Package Vendor: ARM
                https://www.keil.com/pack/ARM.CMSIS.6.2.0.pack
                ARM::CMSIS@6.2.0
                CMSIS (Common Microcontroller Software Interface Standard)
   * Component: CORE Version: 6.1.1

Package Vendor: Keil
                https://www.keil.com/pack/Keil.STM32F4xx_DFP.3.1.1.pack
                Keil::STM32F4xx_DFP@3.1.1
                STMicroelectronics STM32F4 Series Device Support

<h2>Collection of Component include folders:</h2>
  ./RTE/_OLED_SSD1315
  C:/Users/30581/AppData/Local/Arm/Packs/ARM/CMSIS/6.2.0/CMSIS/Core/Include

<h2>Collection of Component Files used:</h2>

   * Component: ARM::CMSIS:CORE@6.1.1
      Include file:  CMSIS/Core/Include/tz_context.h
Build Time Elapsed:  00:00:02
</pre>
</body>
</html>
